
9. Printing statistics.

=== adder_tree ===

   Number of wires:                256
   Number of wire bits:            347
   Number of public wires:           5
   Number of public wire bits:      96
   Number of ports:                  5
   Number of port bits:             96
   Number of memories:               0
   Number of memory bits:            0
   Number of processes:              0
   Number of cells:                269
     $_ANDNOT_                      93
     $_AND_                          1
     $_NAND_                        15
     $_NOR_                         15
     $_NOT_                          2
     $_ORNOT_                        8
     $_OR_                          41
     $_XNOR_                        49
     $_XOR_                         45

=== control_fsm ===

   Number of wires:                  8
   Number of wire bits:             10
   Number of public wires:           7
   Number of public wire bits:       9
   Number of ports:                  5
   Number of port bits:              5
   Number of memories:               0
   Number of memory bits:            0
   Number of processes:              0
   Number of cells:                  4
     $_ANDNOT_                       1
     $_DFFE_PN0P_                    1
     $_NOT_                          1
     $_OR_                           1

=== mac_unit ===

   Number of wires:                341
   Number of wire bits:            370
   Number of public wires:           3
   Number of public wire bits:      32
   Number of ports:                  3
   Number of port bits:             32
   Number of memories:               0
   Number of memory bits:            0
   Number of processes:              0
   Number of cells:                354
     $_ANDNOT_                      97
     $_AND_                         55
     $_NAND_                        25
     $_NOR_                         12
     $_NOT_                          7
     $_ORNOT_                       10
     $_OR_                          37
     $_XNOR_                        25
     $_XOR_                         86

=== tinymac_top ===

   Number of wires:                 19
   Number of wire bits:            197
   Number of public wires:          19
   Number of public wire bits:     197
   Number of ports:                 13
   Number of port bits:            100
   Number of memories:               0
   Number of memory bits:            0
   Number of processes:              0
   Number of cells:                 38
     $_DFFE_PN0P_                   32
     adder_tree                      1
     control_fsm                     1
     mac_unit                        4

=== design hierarchy ===

   tinymac_top                       1
     adder_tree                      1
     control_fsm                     1
     mac_unit                        4

   Number of wires:               1647
   Number of wire bits:           2034
   Number of public wires:          43
   Number of public wire bits:     430
   Number of ports:                 35
   Number of port bits:            329
   Number of memories:               0
   Number of memory bits:            0
   Number of processes:              0
   Number of cells:               1721
     $_ANDNOT_                     482
     $_AND_                        221
     $_DFFE_PN0P_                   33
     $_NAND_                       115
     $_NOR_                         63
     $_NOT_                         31
     $_ORNOT_                       48
     $_OR_                         190
     $_XNOR_                       149
     $_XOR_                        389

